------------------------------------------------------------
Timing Analyzer Summary
------------------------------------------------------------

Type  : Slow 1200mV 85C Model Setup 'pin_name1'
Slack : -1.316
TNS   : -1.316

Type  : Slow 1200mV 85C Model Setup 'inst'
Slack : -0.351
TNS   : -0.351

Type  : Slow 1200mV 85C Model Setup 'inst3'
Slack : -0.310
TNS   : -0.310

Type  : Slow 1200mV 85C Model Setup 'inst4'
Slack : 0.317
TNS   : 0.000

Type  : Slow 1200mV 85C Model Hold 'inst4'
Slack : 0.384
TNS   : 0.000

Type  : Slow 1200mV 85C Model Hold 'inst3'
Slack : 0.406
TNS   : 0.000

Type  : Slow 1200mV 85C Model Hold 'inst'
Slack : 0.512
TNS   : 0.000

Type  : Slow 1200mV 85C Model Hold 'pin_name1'
Slack : 1.396
TNS   : 0.000

Type  : Slow 1200mV 85C Model Recovery 'pin_name1'
Slack : -1.640
TNS   : -1.640

Type  : Slow 1200mV 85C Model Recovery 'inst3'
Slack : -1.602
TNS   : -2.862

Type  : Slow 1200mV 85C Model Recovery 'inst'
Slack : -1.078
TNS   : -2.009

Type  : Slow 1200mV 85C Model Recovery 'inst4'
Slack : -0.965
TNS   : -1.906

Type  : Slow 1200mV 85C Model Removal 'inst'
Slack : 0.302
TNS   : 0.000

Type  : Slow 1200mV 85C Model Removal 'inst4'
Slack : 0.337
TNS   : 0.000

Type  : Slow 1200mV 85C Model Removal 'inst3'
Slack : 0.416
TNS   : 0.000

Type  : Slow 1200mV 85C Model Removal 'pin_name1'
Slack : 1.683
TNS   : 0.000

Type  : Slow 1200mV 85C Model Minimum Pulse Width 'pin_name1'
Slack : -3.000
TNS   : -4.000

Type  : Slow 1200mV 85C Model Minimum Pulse Width 'inst'
Slack : -1.000
TNS   : -2.000

Type  : Slow 1200mV 85C Model Minimum Pulse Width 'inst3'
Slack : -1.000
TNS   : -2.000

Type  : Slow 1200mV 85C Model Minimum Pulse Width 'inst4'
Slack : -1.000
TNS   : -2.000

Type  : Slow 1200mV 0C Model Setup 'pin_name1'
Slack : -1.154
TNS   : -1.154

Type  : Slow 1200mV 0C Model Setup 'inst'
Slack : -0.269
TNS   : -0.269

Type  : Slow 1200mV 0C Model Setup 'inst3'
Slack : -0.220
TNS   : -0.220

Type  : Slow 1200mV 0C Model Setup 'inst4'
Slack : 0.398
TNS   : 0.000

Type  : Slow 1200mV 0C Model Hold 'inst4'
Slack : 0.341
TNS   : 0.000

Type  : Slow 1200mV 0C Model Hold 'inst3'
Slack : 0.366
TNS   : 0.000

Type  : Slow 1200mV 0C Model Hold 'inst'
Slack : 0.477
TNS   : 0.000

Type  : Slow 1200mV 0C Model Hold 'pin_name1'
Slack : 1.274
TNS   : 0.000

Type  : Slow 1200mV 0C Model Recovery 'pin_name1'
Slack : -1.417
TNS   : -1.417

Type  : Slow 1200mV 0C Model Recovery 'inst3'
Slack : -1.363
TNS   : -2.460

Type  : Slow 1200mV 0C Model Recovery 'inst'
Slack : -0.938
TNS   : -1.665

Type  : Slow 1200mV 0C Model Recovery 'inst4'
Slack : -0.813
TNS   : -1.564

Type  : Slow 1200mV 0C Model Removal 'inst'
Slack : 0.272
TNS   : 0.000

Type  : Slow 1200mV 0C Model Removal 'inst4'
Slack : 0.298
TNS   : 0.000

Type  : Slow 1200mV 0C Model Removal 'inst3'
Slack : 0.353
TNS   : 0.000

Type  : Slow 1200mV 0C Model Removal 'pin_name1'
Slack : 1.550
TNS   : 0.000

Type  : Slow 1200mV 0C Model Minimum Pulse Width 'pin_name1'
Slack : -3.000
TNS   : -4.000

Type  : Slow 1200mV 0C Model Minimum Pulse Width 'inst'
Slack : -1.000
TNS   : -2.000

Type  : Slow 1200mV 0C Model Minimum Pulse Width 'inst3'
Slack : -1.000
TNS   : -2.000

Type  : Slow 1200mV 0C Model Minimum Pulse Width 'inst4'
Slack : -1.000
TNS   : -2.000

Type  : Fast 1200mV 0C Model Setup 'pin_name1'
Slack : -0.310
TNS   : -0.310

Type  : Fast 1200mV 0C Model Setup 'inst'
Slack : 0.056
TNS   : 0.000

Type  : Fast 1200mV 0C Model Setup 'inst3'
Slack : 0.072
TNS   : 0.000

Type  : Fast 1200mV 0C Model Setup 'inst4'
Slack : 0.624
TNS   : 0.000

Type  : Fast 1200mV 0C Model Hold 'inst3'
Slack : 0.201
TNS   : 0.000

Type  : Fast 1200mV 0C Model Hold 'inst4'
Slack : 0.206
TNS   : 0.000

Type  : Fast 1200mV 0C Model Hold 'inst'
Slack : 0.247
TNS   : 0.000

Type  : Fast 1200mV 0C Model Hold 'pin_name1'
Slack : 0.565
TNS   : 0.000

Type  : Fast 1200mV 0C Model Recovery 'inst3'
Slack : -0.711
TNS   : -1.172

Type  : Fast 1200mV 0C Model Recovery 'pin_name1'
Slack : -0.538
TNS   : -0.538

Type  : Fast 1200mV 0C Model Recovery 'inst'
Slack : -0.356
TNS   : -0.452

Type  : Fast 1200mV 0C Model Recovery 'inst4'
Slack : -0.273
TNS   : -0.395

Type  : Fast 1200mV 0C Model Removal 'inst'
Slack : 0.162
TNS   : 0.000

Type  : Fast 1200mV 0C Model Removal 'inst4'
Slack : 0.188
TNS   : 0.000

Type  : Fast 1200mV 0C Model Removal 'inst3'
Slack : 0.258
TNS   : 0.000

Type  : Fast 1200mV 0C Model Removal 'pin_name1'
Slack : 0.637
TNS   : 0.000

Type  : Fast 1200mV 0C Model Minimum Pulse Width 'pin_name1'
Slack : -3.000
TNS   : -4.157

Type  : Fast 1200mV 0C Model Minimum Pulse Width 'inst'
Slack : -1.000
TNS   : -2.000

Type  : Fast 1200mV 0C Model Minimum Pulse Width 'inst3'
Slack : -1.000
TNS   : -2.000

Type  : Fast 1200mV 0C Model Minimum Pulse Width 'inst4'
Slack : -1.000
TNS   : -2.000

------------------------------------------------------------
